# serializer version: 1
# name: test_complex_function_trace
  '''
  Function: complex_function(data='test_data', multiplier=3)
    ├─ Function: process_data(data='test_data')
    │  └─ Returns: 'TEST_DATA'
    ├─ Function: multiply_result(data='TEST_DATA', multiplier=3)
    │  └─ Returns: 'TEST_DATATEST_DATATEST_DATA'
    ├─ Function: finalize_result(data='TEST_DATATEST_DATATEST_DATA')
    │  └─ Returns: '[TEST_DATATEST_DATATEST_DATA]'
  └─ Returns: '[TEST_DATATEST_DATATEST_DATA]'
  
  Final Result: '[TEST_DATATEST_DATATEST_DATA]'
  '''
# ---
# name: test_multiple_calls_trace
  '''
  === Trace 1 ===
  
  Function: outer(arg3='hello', arg4='world')
    ├─ Function: inner(arg1='hello', arg2='world')
    │  └─ Returns: 'helloworld'
  └─ Returns: 'helloworldhelloworld'
  
  Final Result: 'helloworldhelloworld'
  
  === Trace 2 ===
  
  Function: inner(arg1='foo', arg2='bar')
  └─ Returns: 'foobar'
  
  Final Result: 'foobar'
  
  === Trace 3 ===
  
  Function: complex_function(data='data', multiplier=2)
    ├─ Function: process_data(data='data')
    │  └─ Returns: 'DATA'
    ├─ Function: multiply_result(data='DATA', multiplier=2)
    │  └─ Returns: 'DATADATA'
    ├─ Function: finalize_result(data='DATADATA')
    │  └─ Returns: '[DATADATA]'
  └─ Returns: '[DATADATA]'
  
  Final Result: '[DATADATA]'
  '''
# ---
# name: test_traced_outer_function
  '''
  Function: outer(arg3='ena', arg4='dva')
    ├─ Function: inner(arg1='ena', arg2='dva')
    │  └─ Returns: 'enadva'
  └─ Returns: 'enadvaenadva'
  
  Final Result: 'enadvaenadva'
  '''
# ---
